Apache Maven 3.9.14 (996c630dbc656c76214ce58821dcc58be960875b)
Maven home: D:\apache-maven-3.9.14\apache-maven-3.9.14
Java version: 17.0.18, vendor: Oracle Corporation, runtime: C:\Program Files\Java\jdk-17.0.18
Default locale: zh_CN, platform encoding: GBK
OS name: "windows 11", version: "10.0", arch: "amd64", family: "windows"
[DEBUG] Created new class realm maven.api
[DEBUG] Importing foreign packages into class realm maven.api
[DEBUG]   Imported: javax.annotation.* < plexus.core
[DEBUG]   Imported: javax.annotation.security.* < plexus.core
[DEBUG]   Imported: javax.inject.* < plexus.core
[DEBUG]   Imported: org.apache.maven.* < plexus.core
[DEBUG]   Imported: org.apache.maven.artifact < plexus.core
[DEBUG]   Imported: org.apache.maven.classrealm < plexus.core
[DEBUG]   Imported: org.apache.maven.cli < plexus.core
[DEBUG]   Imported: org.apache.maven.configuration < plexus.core
[DEBUG]   Imported: org.apache.maven.exception < plexus.core
[DEBUG]   Imported: org.apache.maven.execution < plexus.core
[DEBUG]   Imported: org.apache.maven.execution.scope < plexus.core
[DEBUG]   Imported: org.apache.maven.graph < plexus.core
[DEBUG]   Imported: org.apache.maven.lifecycle < plexus.core
[DEBUG]   Imported: org.apache.maven.model < plexus.core
[DEBUG]   Imported: org.apache.maven.monitor < plexus.core
[DEBUG]   Imported: org.apache.maven.plugin < plexus.core
[DEBUG]   Imported: org.apache.maven.profiles < plexus.core
[DEBUG]   Imported: org.apache.maven.project < plexus.core
[DEBUG]   Imported: org.apache.maven.reporting < plexus.core
[DEBUG]   Imported: org.apache.maven.repository < plexus.core
[DEBUG]   Imported: org.apache.maven.rtinfo < plexus.core
[DEBUG]   Imported: org.apache.maven.settings < plexus.core
[DEBUG]   Imported: org.apache.maven.toolchain < plexus.core
[DEBUG]   Imported: org.apache.maven.usability < plexus.core
[DEBUG]   Imported: org.apache.maven.wagon.* < plexus.core
[DEBUG]   Imported: org.apache.maven.wagon.authentication < plexus.core
[DEBUG]   Imported: org.apache.maven.wagon.authorization < plexus.core
[DEBUG]   Imported: org.apache.maven.wagon.events < plexus.core
[DEBUG]   Imported: org.apache.maven.wagon.observers < plexus.core
[DEBUG]   Imported: org.apache.maven.wagon.proxy < plexus.core
[DEBUG]   Imported: org.apache.maven.wagon.repository < plexus.core
[DEBUG]   Imported: org.apache.maven.wagon.resource < plexus.core
[DEBUG]   Imported: org.codehaus.classworlds < plexus.core
[DEBUG]   Imported: org.codehaus.plexus.* < plexus.core
[DEBUG]   Imported: org.codehaus.plexus.classworlds < plexus.core
[DEBUG]   Imported: org.codehaus.plexus.component < plexus.core
[DEBUG]   Imported: org.codehaus.plexus.configuration < plexus.core
[DEBUG]   Imported: org.codehaus.plexus.container < plexus.core
[DEBUG]   Imported: org.codehaus.plexus.context < plexus.core
[DEBUG]   Imported: org.codehaus.plexus.lifecycle < plexus.core
[DEBUG]   Imported: org.codehaus.plexus.logging < plexus.core
[DEBUG]   Imported: org.codehaus.plexus.personality < plexus.core
[DEBUG]   Imported: org.codehaus.plexus.util.xml.Xpp3Dom < plexus.core
[DEBUG]   Imported: org.codehaus.plexus.util.xml.pull.XmlPullParser < plexus.core
[DEBUG]   Imported: org.codehaus.plexus.util.xml.pull.XmlPullParserException < plexus.core
[DEBUG]   Imported: org.codehaus.plexus.util.xml.pull.XmlSerializer < plexus.core
[DEBUG]   Imported: org.eclipse.aether.* < plexus.core
[DEBUG]   Imported: org.eclipse.aether.artifact < plexus.core
[DEBUG]   Imported: org.eclipse.aether.collection < plexus.core
[DEBUG]   Imported: org.eclipse.aether.deployment < plexus.core
[DEBUG]   Imported: org.eclipse.aether.graph < plexus.core
[DEBUG]   Imported: org.eclipse.aether.impl < plexus.core
[DEBUG]   Imported: org.eclipse.aether.installation < plexus.core
[DEBUG]   Imported: org.eclipse.aether.internal.impl < plexus.core
[DEBUG]   Imported: org.eclipse.aether.metadata < plexus.core
[DEBUG]   Imported: org.eclipse.aether.repository < plexus.core
[DEBUG]   Imported: org.eclipse.aether.resolution < plexus.core
[DEBUG]   Imported: org.eclipse.aether.spi < plexus.core
[DEBUG]   Imported: org.eclipse.aether.transfer < plexus.core
[DEBUG]   Imported: org.eclipse.aether.util < plexus.core
[DEBUG]   Imported: org.eclipse.aether.version < plexus.core
[DEBUG]   Imported: org.fusesource.jansi.* < plexus.core
[DEBUG]   Imported: org.slf4j.* < plexus.core
[DEBUG]   Imported: org.slf4j.event.* < plexus.core
[DEBUG]   Imported: org.slf4j.helpers.* < plexus.core
[DEBUG]   Imported: org.slf4j.spi.* < plexus.core
[DEBUG] Populating class realm maven.api
[DEBUG] Created adapter factory; available factories [file-lock, rwlock-local, semaphore-local, noop]; available name mappers [discriminating, file-gaecv, file-gav, file-hgaecv, file-hgav, file-static, gaecv, gav, static]
[INFO] Error stacktraces are turned on.
[DEBUG] Message scheme: color
[DEBUG] Message styles: debug info warning error success failure strong mojo project
[DEBUG] Reading global settings from D:\apache-maven-3.9.14\apache-maven-3.9.14\conf\settings.xml
[DEBUG] Reading user settings from C:\Users\埃罗芒果老师\.m2\settings.xml
[DEBUG] Reading global toolchains from D:\apache-maven-3.9.14\apache-maven-3.9.14\conf\toolchains.xml
[DEBUG] Reading user toolchains from C:\Users\埃罗芒果老师\.m2\toolchains.xml
[DEBUG] Using local repository at C:\Users\埃罗芒果老师\.m2\repository
[DEBUG] Using manager EnhancedLocalRepositoryManager with priority 10.0 for C:\Users\埃罗芒果老师\.m2\repository
[INFO] Scanning for projects...
[DEBUG] Extension realms for project com.example:demo:jar:1.0-SNAPSHOT: (none)
[DEBUG] Looking up lifecycle mappings for packaging jar from ClassRealm[plexus.core, parent: null]
[DEBUG] === REACTOR BUILD PLAN ================================================
[DEBUG] Project: com.example:demo:jar:1.0-SNAPSHOT
[DEBUG] Tasks:   [compile]
[DEBUG] Style:   Regular
[DEBUG] =======================================================================
[INFO] 
[INFO] --------------------------< com.example:demo >--------------------------
[INFO] Building demo 1.0-SNAPSHOT
[INFO]   from pom.xml
[INFO] --------------------------------[ jar ]---------------------------------
[DEBUG] Lifecycle clean -> [pre-clean, clean, post-clean]
[DEBUG] Lifecycle default -> [validate, initialize, generate-sources, process-sources, generate-resources, process-resources, compile, process-classes, generate-test-sources, process-test-sources, generate-test-resources, process-test-resources, test-compile, process-test-classes, test, prepare-package, package, pre-integration-test, integration-test, post-integration-test, verify, install, deploy]
[DEBUG] Lifecycle site -> [pre-site, site, post-site, site-deploy]
[DEBUG] Creating adapter using nameMapper 'gaecv' and factory 'rwlock-local'
[DEBUG] Lifecycle clean -> [pre-clean, clean, post-clean]
[DEBUG] Lifecycle default -> [validate, initialize, generate-sources, process-sources, generate-resources, process-resources, compile, process-classes, generate-test-sources, process-test-sources, generate-test-resources, process-test-resources, test-compile, process-test-classes, test, prepare-package, package, pre-integration-test, integration-test, post-integration-test, verify, install, deploy]
[DEBUG] Lifecycle site -> [pre-site, site, post-site, site-deploy]
[DEBUG] Lifecycle clean -> [pre-clean, clean, post-clean]
[DEBUG] Lifecycle default -> [validate, initialize, generate-sources, process-sources, generate-resources, process-resources, compile, process-classes, generate-test-sources, process-test-sources, generate-test-resources, process-test-resources, test-compile, process-test-classes, test, prepare-package, package, pre-integration-test, integration-test, post-integration-test, verify, install, deploy]
[DEBUG] Lifecycle site -> [pre-site, site, post-site, site-deploy]
[DEBUG] === PROJECT BUILD PLAN ================================================
[DEBUG] Project:       com.example:demo:1.0-SNAPSHOT
[DEBUG] Dependencies (collect): []
[DEBUG] Dependencies (resolve): [compile]
[DEBUG] Repositories (dependencies): [central (https://repo.maven.apache.org/maven2, default, releases)]
[DEBUG] Repositories (plugins)     : [central (https://repo.maven.apache.org/maven2, default, releases)]
[DEBUG] -----------------------------------------------------------------------
[DEBUG] Goal:          org.apache.maven.plugins:maven-resources-plugin:3.0.2:resources (default-resources)
[DEBUG] Style:         Regular
[DEBUG] Configuration: <?xml version="1.0" encoding="UTF-8"?>
<configuration>
  <addDefaultExcludes default-value="true"/>
  <buildFilters default-value="${project.build.filters}"/>
  <encoding default-value="${project.build.sourceEncoding}"/>
  <escapeWindowsPaths default-value="true"/>
  <fileNameFiltering default-value="false"/>
  <includeEmptyDirs default-value="false"/>
  <outputDirectory default-value="${project.build.outputDirectory}"/>
  <overwrite default-value="false"/>
  <project default-value="${project}"/>
  <resources default-value="${project.resources}"/>
  <session default-value="${session}"/>
  <skip default-value="false">${maven.resources.skip}</skip>
  <supportMultiLineFiltering default-value="false"/>
  <useBuildFilters default-value="true"/>
  <useDefaultDelimiters default-value="true"/>
</configuration>
[DEBUG] -----------------------------------------------------------------------
[DEBUG] Goal:          org.apache.maven.plugins:maven-compiler-plugin:3.8.0:compile (default-compile)
[DEBUG] Style:         Regular
[DEBUG] Configuration: <?xml version="1.0" encoding="UTF-8"?>
<configuration>
  <basedir default-value="${basedir}"/>
  <buildDirectory default-value="${project.build.directory}"/>
  <compilePath default-value="${project.compileClasspathElements}"/>
  <compileSourceRoots default-value="${project.compileSourceRoots}"/>
  <compilerId default-value="javac">${maven.compiler.compilerId}</compilerId>
  <compilerReuseStrategy default-value="${reuseCreated}">${maven.compiler.compilerReuseStrategy}</compilerReuseStrategy>
  <compilerVersion>${maven.compiler.compilerVersion}</compilerVersion>
  <debug default-value="true">${maven.compiler.debug}</debug>
  <debuglevel>${maven.compiler.debuglevel}</debuglevel>
  <encoding default-value="${project.build.sourceEncoding}">${encoding}</encoding>
  <executable>${maven.compiler.executable}</executable>
  <failOnError default-value="true">${maven.compiler.failOnError}</failOnError>
  <failOnWarning default-value="false">${maven.compiler.failOnWarning}</failOnWarning>
  <forceJavacCompilerUse default-value="false">${maven.compiler.forceJavacCompilerUse}</forceJavacCompilerUse>
  <fork default-value="false">${maven.compiler.fork}</fork>
  <generatedSourcesDirectory default-value="${project.build.directory}/generated-sources/annotations"/>
  <maxmem>${maven.compiler.maxmem}</maxmem>
  <meminitial>${maven.compiler.meminitial}</meminitial>
  <mojoExecution default-value="${mojoExecution}"/>
  <optimize default-value="false">${maven.compiler.optimize}</optimize>
  <outputDirectory default-value="${project.build.outputDirectory}"/>
  <parameters default-value="false">${maven.compiler.parameters}</parameters>
  <project default-value="${project}"/>
  <projectArtifact default-value="${project.artifact}"/>
  <release>${maven.compiler.release}</release>
  <session default-value="${session}"/>
  <showDeprecation default-value="false">${maven.compiler.showDeprecation}</showDeprecation>
  <showWarnings default-value="false">${maven.compiler.showWarnings}</showWarnings>
  <skipMain>${maven.main.skip}</skipMain>
  <skipMultiThreadWarning default-value="false">${maven.compiler.skipMultiThreadWarning}</skipMultiThreadWarning>
  <source default-value="1.6">${maven.compiler.source}</source>
  <staleMillis default-value="0">${lastModGranularityMs}</staleMillis>
  <target default-value="1.6">${maven.compiler.target}</target>
  <useIncrementalCompilation default-value="true">${maven.compiler.useIncrementalCompilation}</useIncrementalCompilation>
  <verbose default-value="false">${maven.compiler.verbose}</verbose>
</configuration>
[DEBUG] =======================================================================
[DEBUG] Dependency collection stats {ConflictMarker.analyzeTime=543100, ConflictMarker.markTime=94400, ConflictMarker.nodeCount=4, ConflictIdSorter.graphTime=295500, ConflictIdSorter.topsortTime=296200, ConflictIdSorter.conflictIdCount=3, ConflictIdSorter.conflictIdCycleCount=0, ConflictResolver.totalTime=2636100, ConflictResolver.conflictItemCount=3, DfDependencyCollector.collectTime=46201000, DfDependencyCollector.transformTime=5547400}
[DEBUG] com.example:demo:jar:1.0-SNAPSHOT
[DEBUG]    org.apache.commons:commons-lang3:jar:3.14.0:compile
[DEBUG]    junit:junit:jar:4.11:test
[DEBUG]       org.hamcrest:hamcrest-core:jar:1.3:test
[INFO] 
[INFO] --- resources:3.0.2:resources (default-resources) @ demo ---
[DEBUG] Using mirror maven-default-http-blocker (http://0.0.0.0/) for apache.snapshots (http://repository.apache.org/snapshots).
[DEBUG] Using mirror maven-default-http-blocker (http://0.0.0.0/) for codehaus.snapshots (http://snapshots.repository.codehaus.org).
[DEBUG] Dependency collection stats {ConflictMarker.analyzeTime=331400, ConflictMarker.markTime=237800, ConflictMarker.nodeCount=68, ConflictIdSorter.graphTime=165700, ConflictIdSorter.topsortTime=44300, ConflictIdSorter.conflictIdCount=28, ConflictIdSorter.conflictIdCycleCount=0, ConflictResolver.totalTime=2978800, ConflictResolver.conflictItemCount=67, DfDependencyCollector.collectTime=300707100, DfDependencyCollector.transformTime=3792100}
[DEBUG] org.apache.maven.plugins:maven-resources-plugin:jar:3.0.2
[DEBUG]    org.apache.maven:maven-plugin-api:jar:3.0:compile
[DEBUG]       org.apache.maven:maven-artifact:jar:3.0:compile
[DEBUG]       org.sonatype.sisu:sisu-inject-plexus:jar:1.4.2:compile
[DEBUG]          org.sonatype.sisu:sisu-inject-bean:jar:1.4.2:compile
[DEBUG]             org.sonatype.sisu:sisu-guice:jar:noaop:2.1.7:compile
[DEBUG]    org.apache.maven:maven-core:jar:3.0:compile
[DEBUG]       org.apache.maven:maven-settings:jar:3.0:compile
[DEBUG]       org.apache.maven:maven-settings-builder:jar:3.0:compile
[DEBUG]       org.apache.maven:maven-repository-metadata:jar:3.0:compile
[DEBUG]       org.apache.maven:maven-model-builder:jar:3.0:compile
[DEBUG]       org.apache.maven:maven-aether-provider:jar:3.0:runtime
[DEBUG]       org.sonatype.aether:aether-impl:jar:1.7:compile
[DEBUG]          org.sonatype.aether:aether-spi:jar:1.7:compile
[DEBUG]       org.sonatype.aether:aether-api:jar:1.7:compile
[DEBUG]       org.sonatype.aether:aether-util:jar:1.7:compile
[DEBUG]       org.codehaus.plexus:plexus-classworlds:jar:2.2.3:compile
[DEBUG]       org.codehaus.plexus:plexus-component-annotations:jar:1.6:compile (version managed from default)
[DEBUG]       org.sonatype.plexus:plexus-sec-dispatcher:jar:1.3:compile
[DEBUG]          org.sonatype.plexus:plexus-cipher:jar:1.4:compile
[DEBUG]    org.apache.maven:maven-model:jar:3.0:compile
[DEBUG]    org.codehaus.plexus:plexus-utils:jar:3.0.24:compile
[DEBUG]    org.apache.maven.shared:maven-filtering:jar:3.1.1:compile
[DEBUG]       org.apache.maven.shared:maven-shared-utils:jar:3.0.0:compile
[DEBUG]          com.google.code.findbugs:jsr305:jar:2.0.1:compile
[DEBUG]       org.sonatype.plexus:plexus-build-api:jar:0.0.7:compile
[DEBUG]    commons-io:commons-io:jar:2.5:compile
[DEBUG]    org.codehaus.plexus:plexus-interpolation:jar:1.24:compile
[DEBUG] Created new class realm plugin>org.apache.maven.plugins:maven-resources-plugin:3.0.2
[DEBUG] Importing foreign packages into class realm plugin>org.apache.maven.plugins:maven-resources-plugin:3.0.2
[DEBUG]   Imported:  < maven.api
[DEBUG] Populating class realm plugin>org.apache.maven.plugins:maven-resources-plugin:3.0.2
[DEBUG]   Included: org.apache.maven.plugins:maven-resources-plugin:jar:3.0.2
[DEBUG]   Included: org.sonatype.sisu:sisu-inject-bean:jar:1.4.2
[DEBUG]   Included: org.sonatype.sisu:sisu-guice:jar:noaop:2.1.7
[DEBUG]   Included: org.sonatype.aether:aether-util:jar:1.7
[DEBUG]   Included: org.codehaus.plexus:plexus-component-annotations:jar:1.6
[DEBUG]   Included: org.sonatype.plexus:plexus-sec-dispatcher:jar:1.3
[DEBUG]   Included: org.sonatype.plexus:plexus-cipher:jar:1.4
[DEBUG]   Included: org.codehaus.plexus:plexus-utils:jar:3.0.24
[DEBUG]   Included: org.apache.maven.shared:maven-filtering:jar:3.1.1
[DEBUG]   Included: org.apache.maven.shared:maven-shared-utils:jar:3.0.0
[DEBUG]   Included: com.google.code.findbugs:jsr305:jar:2.0.1
[DEBUG]   Included: org.sonatype.plexus:plexus-build-api:jar:0.0.7
[DEBUG]   Included: commons-io:commons-io:jar:2.5
[DEBUG]   Included: org.codehaus.plexus:plexus-interpolation:jar:1.24
[DEBUG] Loading mojo org.apache.maven.plugins:maven-resources-plugin:3.0.2:resources from plugin realm ClassRealm[plugin>org.apache.maven.plugins:maven-resources-plugin:3.0.2, parent: jdk.internal.loader.ClassLoaders$AppClassLoader@70dea4e]
[DEBUG] Configuring mojo execution 'org.apache.maven.plugins:maven-resources-plugin:3.0.2:resources:default-resources' with basic configurator -->
[DEBUG]   (f) addDefaultExcludes = true
[DEBUG]   (f) buildFilters = []
[DEBUG]   (f) encoding = UTF-8
[DEBUG]   (f) escapeWindowsPaths = true
[DEBUG]   (f) fileNameFiltering = false
[DEBUG]   (s) includeEmptyDirs = false
[DEBUG]   (s) outputDirectory = D:\Vscode-java\demo\target\classes
[DEBUG]   (s) overwrite = false
[DEBUG]   (f) project = MavenProject: com.example:demo:1.0-SNAPSHOT @ D:\Vscode-java\demo\pom.xml
[DEBUG]   (s) resources = [Resource {targetPath: null, filtering: false, FileSet {directory: D:\Vscode-java\demo\src\main\resources, PatternSet [includes: {}, excludes: {}]}}]
[DEBUG]   (f) session = org.apache.maven.execution.MavenSession@1e7ab390
[DEBUG]   (f) skip = false
[DEBUG]   (f) supportMultiLineFiltering = false
[DEBUG]   (f) useBuildFilters = true
[DEBUG]   (s) useDefaultDelimiters = true
[DEBUG] -- end configuration --
[DEBUG] properties used {env.NUMBER_OF_PROCESSORS=12, env.USERPROFILE=C:\Users\埃罗芒果老师, java.specification.version=17, sun.cpu.isalist=amd64, sun.arch.data.model=64, env.PROGRAMW6432=C:\Program Files, java.vendor.url=https://java.oracle.com/, env.OS=Windows_NT, env.CHROME_CRASHPAD_PIPE_NAME=\\.\pipe\crashpad_98132_NOBSYENTWTGJBWRO, sun.boot.library.path=C:\Program Files\Java\jdk-17.0.18\bin, sun.java.command=org.codehaus.plexus.classworlds.launcher.Launcher compile -X, env.SYSTEMROOT=C:\WINDOWS, env.EFC_82632_1592913036=1, env.PYCHARM=C:\Program Files\JetBrains\PyCharm 2025.1.2\bin;, jdk.debug=release, maven.version=3.9.14, java.specification.vendor=Oracle Corporation, java.version.date=2026-01-20, java.home=C:\Program Files\Java\jdk-17.0.18, java.vm.specification.vendor=Oracle Corporation, java.specification.name=Java Platform API Specification, env.LOCALAPPDATA=C:\Users\埃罗芒果老师\AppData\Local, env.USERDOMAIN_ROAMINGPROFILE=LAPTOP-R67678FF, user.script=, sun.management.compiler=HotSpot 64-Bit Tiered Compilers, java.runtime.version=17.0.18+8-LTS-264, env.PATH=c:\Users\埃罗芒果老师\AppData\Roaming\Code\User\globalStorage\github.copilot-chat\debugCommand;c:\Users\埃罗芒果老师\AppData\Roaming\Code\User\globalStorage\github.copilot-chat\copilotCli;C:\Users\埃罗芒果老师\AppData\Local\Programs\Microsoft VS Code;C:\Program Files\Common Files\Oracle\Java\javapath;D:\VM虚拟机\bin\;C:\WINDOWS\system32;C:\WINDOWS;C:\WINDOWS\System32\Wbem;C:\WINDOWS\System32\WindowsPowerShell\v1.0\;C:\WINDOWS\System32\OpenSSH\;D:\Windows Kits\10\Windows Performance Toolkit\;D:\apache-maven-3.9.14\apache-maven-3.9.14\bin;C:\Users\埃罗芒果老师\AppData\Local\Programs\Python\Launcher\;C:\Users\埃罗芒果老师\AppData\Local\Microsoft\WindowsApps;;C:\Program Files\JetBrains\PyCharm 2025.1.2\bin;;D:\Cursor\cursor\resources\app\bin;C:\Users\埃罗芒果老师\AppData\Local\Programs\Microsoft VS Code\bin;c:\Users\埃罗芒果老师\.vscode\extensions\vscjava.vscode-java-debug-0.58.5\bundled\scripts\noConfigScripts, env.PUBLIC=C:\Users\Public, env.EXEC_DIR=D:\Vscode-java\demo, env.COMMONPROGRAMW6432=C:\Program Files\Common Files, file.encoding=GBK, env.COMPUTERNAME=LAPTOP-R67678FF, env.HOMEPATH=\Users\埃罗芒果老师, env.APPDATA=C:\Users\埃罗芒果老师\AppData\Roaming, project.baseUri=file:/D:/Vscode-java/demo/, java.io.tmpdir=C:\Users\埃罗芒~1\AppData\Local\Temp\, java.version=17.0.18, java.vm.specification.name=Java Virtual Machine Specification, native.encoding=GBK, java.library.path=C:\Program Files\Java\jdk-17.0.18\bin;C:\WINDOWS\Sun\Java\bin;C:\WINDOWS\system32;C:\WINDOWS;c:\Users\埃罗芒果老师\AppData\Roaming\Code\User\globalStorage\github.copilot-chat\debugCommand;c:\Users\埃罗芒果老师\AppData\Roaming\Code\User\globalStorage\github.copilot-chat\copilotCli;C:\Users\埃罗芒果老师\AppData\Local\Programs\Microsoft VS Code;C:\Program Files\Common Files\Oracle\Java\javapath;D:\VM虚拟机\bin\;C:\WINDOWS\system32;C:\WINDOWS;C:\WINDOWS\System32\Wbem;C:\WINDOWS\System32\WindowsPowerShell\v1.0\;C:\WINDOWS\System32\OpenSSH\;D:\Windows Kits\10\Windows Performance Toolkit\;D:\apache-maven-3.9.14\apache-maven-3.9.14\bin;C:\Users\埃罗芒果老师\AppData\Local\Programs\Python\Launcher\;C:\Users\埃罗芒果老师\AppData\Local\Microsoft\WindowsApps;;C:\Program Files\JetBrains\PyCharm 2025.1.2\bin;;D:\Cursor\cursor\resources\app\bin;C:\Users\埃罗芒果老师\AppData\Local\Programs\Microsoft VS Code\bin;c:\Users\埃罗芒果老师\.vscode\extensions\vscjava.vscode-java-debug-0.58.5\bundled\scripts\noConfigScripts;., java.vendor=Oracle Corporation, env.ERROR_CODE=0, classworlds.conf=D:\apache-maven-3.9.14\apache-maven-3.9.14\bin\m2.conf, java.specification.maintenance.version=1, sun.io.unicode.encoding=UnicodeLittle, env.LANG=zh_CN.UTF-8, java.vm.specification.version=17, os.name=Windows 11, env.=EXITCODE=00000000, maven.compiler.source=17, user.home=C:\Users\埃罗芒果老师, maven.build.timestamp=2026-04-14T03:04:33Z, env.COLORTERM=truecolor, env.ALLUSERSPROFILE=C:\ProgramData, env.SESSIONNAME=Console, env.VSCODE_JDWP_ADAPTER_ENDPOINTS=c:\Users\埃罗芒果老师\.vscode\extensions\vscjava.vscode-java-debug-0.58.5\.noConfigDebugAdapterEndpoints\endpoint-dfb74586c1c87b93.txt, path.separator=;, os.version=10.0, env.VSCODE_STABLE=1, env.CLASSWORLDS_LAUNCHER=org.codehaus.plexus.classworlds.launcher.Launcher, env.PATHEXT=.COM;.EXE;.BAT;.CMD;.VBS;.VBE;.JS;.JSE;.WSF;.WSH;.MSC;.CPL, java.vm.name=Java HotSpot(TM) 64-Bit Server VM, env.USERNAME=埃罗芒果老师, os.arch=amd64, maven.multiModuleProjectDirectory=D:\Vscode-java\demo, env.MAVEN_PROJECTBASEDIR=D:\Vscode-java\demo, java.vm.info=mixed mode, sharing, env.TEMP=C:\Users\埃罗芒~1\AppData\Local\Temp, java.class.version=61.0, env.ONEDRIVE=C:\Users\埃罗芒果老师\OneDrive, sun.jnu.encoding=GBK, env.VSCODE_INJECTION=1, maven.build.version=Apache Maven 3.9.14 (996c630dbc656c76214ce58821dcc58be960875b), maven.home=D:\apache-maven-3.9.14\apache-maven-3.9.14, env.PROGRAMFILES=C:\Program Files, env.PT5HOME=D:\计算机网络\Packet Tracer 5.2, file.separator=\, java.vm.compressedOopsMode=Zero based, env.CLASSWORLDS_JAR="D:\apache-maven-3.9.14\apache-maven-3.9.14\boot\plexus-classworlds-2.9.0.jar", line.separator=
, env.PROMPT=$P$G, env.PROCESSOR_REVISION=4401, env.PROCESSOR_IDENTIFIER=AMD64 Family 25 Model 68 Stepping 1, AuthenticAMD, env.TERM_PROGRAM_VERSION=1.115.0, env.PROGRAMDATA=C:\ProgramData, user.name=埃罗芒果老师, env.DRIVERDATA=C:\Windows\System32\Drivers\DriverData, env.SYSTEMDRIVE=C:, env.JVMCONFIG=\.mvn\jvm.config, env.PROGRAMFILES(X86)=C:\Program Files (x86), env.VSCODE_A11Y_MODE=0, env.PROCESSOR_LEVEL=25, env.HOMEDRIVE=C:, env.PSMODULEPATH=C:\Users\埃罗芒果老师\Documents\WindowsPowerShell\Modules;C:\Program Files\WindowsPowerShell\Modules;C:\WINDOWS\system32\WindowsPowerShell\v1.0\Modules, env.TMP=C:\Users\埃罗芒~1\AppData\Local\Temp, sun.os.patch.level=, maven.compiler.target=17, env.LOGONSERVER=\\LAPTOP-R67678FF, library.jansi.path=D:\apache-maven-3.9.14\apache-maven-3.9.14\lib\jansi-native, env.WINDIR=C:\WINDOWS, env.TERM_PROGRAM=vscode, env.VSCODE_JAVA_EXEC=C:\Program Files\Java\jdk-17.0.18\bin\java, java.class.path=D:\apache-maven-3.9.14\apache-maven-3.9.14\boot\plexus-classworlds-2.9.0.jar, java.vm.vendor=Oracle Corporation, env.PROCESSOR_ARCHITECTURE=AMD64, user.variant=, env.COMMONPROGRAMFILES=C:\Program Files\Common Files, maven.conf=D:\apache-maven-3.9.14\apache-maven-3.9.14/conf, env.HDC_SERVER_PORT=65037, sun.java.launcher=SUN_STANDARD, user.country=CN, env.USERDOMAIN=LAPTOP-R67678FF, env.COMSPEC=C:\WINDOWS\system32\cmd.exe, sun.cpu.endian=little, env.INTERNAL_MAVEN_OPTS=--enable-native-access=ALL-UNNAMED , user.language=zh, env.JAVACMD=C:\Program Files\Common Files\Oracle\Java\javapath\java.exe, env.MAVEN_HOME=D:\apache-maven-3.9.14\apache-maven-3.9.14, env.WDIR=D:\, env.EFC_82632_344590478=1, java.runtime.name=Java(TM) SE Runtime Environment, project.build.sourceEncoding=UTF-8, env.COMMONPROGRAMFILES(X86)=C:\Program Files (x86)\Common Files, env.MAVEN_CMD_LINE_ARGS=compile -X, java.vendor.url.bug=https://bugreport.java.com/bugreport/, user.dir=D:\Vscode-java\demo, env.ONEDRIVECONSUMER=C:\Users\埃罗芒果老师\OneDrive, env.=D:=D:\Vscode-java\demo, env.VSCODE_NONCE=df33c962-f7d5-4e12-9986-b1d669205661, java.vm.version=17.0.18+8-LTS-264}
[INFO] Using 'UTF-8' encoding to copy filtered resources.
[DEBUG] resource with targetPath null
directory D:\Vscode-java\demo\src\main\resources
excludes []
includes []
[INFO] skip non existing resourceDirectory D:\Vscode-java\demo\src\main\resources
[DEBUG] no use filter components
[INFO] 
[INFO] --- compiler:3.8.0:compile (default-compile) @ demo ---
[DEBUG] Using mirror maven-default-http-blocker (http://0.0.0.0/) for ow2-snapshot (http://repository.ow2.org/nexus/content/repositories/snapshots).
[DEBUG] Dependency collection stats {ConflictMarker.analyzeTime=404800, ConflictMarker.markTime=317200, ConflictMarker.nodeCount=118, ConflictIdSorter.graphTime=205900, ConflictIdSorter.topsortTime=71200, ConflictIdSorter.conflictIdCount=45, ConflictIdSorter.conflictIdCycleCount=0, ConflictResolver.totalTime=2638600, ConflictResolver.conflictItemCount=72, DfDependencyCollector.collectTime=189951600, DfDependencyCollector.transformTime=3674900}
[DEBUG] org.apache.maven.plugins:maven-compiler-plugin:jar:3.8.0
[DEBUG]    org.apache.maven:maven-plugin-api:jar:3.0:compile
[DEBUG]       org.apache.maven:maven-model:jar:3.0:compile
[DEBUG]       org.sonatype.sisu:sisu-inject-plexus:jar:1.4.2:compile
[DEBUG]          org.sonatype.sisu:sisu-inject-bean:jar:1.4.2:compile
[DEBUG]             org.sonatype.sisu:sisu-guice:jar:noaop:2.1.7:compile
[DEBUG]    org.apache.maven:maven-artifact:jar:3.0:compile
[DEBUG]       org.codehaus.plexus:plexus-utils:jar:2.0.4:compile
[DEBUG]    org.apache.maven:maven-core:jar:3.0:compile
[DEBUG]       org.apache.maven:maven-settings:jar:3.0:compile
[DEBUG]       org.apache.maven:maven-settings-builder:jar:3.0:compile
[DEBUG]       org.apache.maven:maven-repository-metadata:jar:3.0:compile
[DEBUG]       org.apache.maven:maven-model-builder:jar:3.0:compile
[DEBUG]       org.apache.maven:maven-aether-provider:jar:3.0:runtime
[DEBUG]       org.sonatype.aether:aether-impl:jar:1.7:compile
[DEBUG]          org.sonatype.aether:aether-spi:jar:1.7:compile
[DEBUG]       org.sonatype.aether:aether-api:jar:1.7:compile
[DEBUG]       org.sonatype.aether:aether-util:jar:1.7:compile
[DEBUG]       org.codehaus.plexus:plexus-interpolation:jar:1.14:compile
[DEBUG]       org.codehaus.plexus:plexus-classworlds:jar:2.2.3:compile
[DEBUG]       org.codehaus.plexus:plexus-component-annotations:jar:1.7.1:compile (version managed from default)
[DEBUG]       org.sonatype.plexus:plexus-sec-dispatcher:jar:1.3:compile
[DEBUG]          org.sonatype.plexus:plexus-cipher:jar:1.4:compile
[DEBUG]    org.apache.maven.shared:maven-shared-utils:jar:3.2.1:compile
[DEBUG]       commons-io:commons-io:jar:2.5:compile
[DEBUG]    org.apache.maven.shared:maven-shared-incremental:jar:1.1:compile
[DEBUG]    org.codehaus.plexus:plexus-java:jar:0.9.10:compile
[DEBUG]       org.ow2.asm:asm:jar:6.2:compile
[DEBUG]       com.thoughtworks.qdox:qdox:jar:2.0-M9:compile (version managed from default)
[DEBUG]    org.codehaus.plexus:plexus-compiler-api:jar:2.8.4:compile
[DEBUG]    org.codehaus.plexus:plexus-compiler-manager:jar:2.8.4:compile
[DEBUG]    org.codehaus.plexus:plexus-compiler-javac:jar:2.8.4:runtime
[DEBUG] Created new class realm plugin>org.apache.maven.plugins:maven-compiler-plugin:3.8.0
[DEBUG] Importing foreign packages into class realm plugin>org.apache.maven.plugins:maven-compiler-plugin:3.8.0
[DEBUG]   Imported:  < maven.api
[DEBUG] Populating class realm plugin>org.apache.maven.plugins:maven-compiler-plugin:3.8.0
[DEBUG]   Included: org.apache.maven.plugins:maven-compiler-plugin:jar:3.8.0
[DEBUG]   Included: org.sonatype.sisu:sisu-inject-bean:jar:1.4.2
[DEBUG]   Included: org.sonatype.sisu:sisu-guice:jar:noaop:2.1.7
[DEBUG]   Included: org.codehaus.plexus:plexus-utils:jar:2.0.4
[DEBUG]   Included: org.sonatype.aether:aether-util:jar:1.7
[DEBUG]   Included: org.codehaus.plexus:plexus-interpolation:jar:1.14
[DEBUG]   Included: org.codehaus.plexus:plexus-component-annotations:jar:1.7.1
[DEBUG]   Included: org.sonatype.plexus:plexus-sec-dispatcher:jar:1.3
[DEBUG]   Included: org.sonatype.plexus:plexus-cipher:jar:1.4
[DEBUG]   Included: org.apache.maven.shared:maven-shared-utils:jar:3.2.1
[DEBUG]   Included: commons-io:commons-io:jar:2.5
[DEBUG]   Included: org.apache.maven.shared:maven-shared-incremental:jar:1.1
[DEBUG]   Included: org.codehaus.plexus:plexus-java:jar:0.9.10
[DEBUG]   Included: org.ow2.asm:asm:jar:6.2
[DEBUG]   Included: com.thoughtworks.qdox:qdox:jar:2.0-M9
[DEBUG]   Included: org.codehaus.plexus:plexus-compiler-api:jar:2.8.4
[DEBUG]   Included: org.codehaus.plexus:plexus-compiler-manager:jar:2.8.4
[DEBUG]   Included: org.codehaus.plexus:plexus-compiler-javac:jar:2.8.4
[DEBUG] Loading mojo org.apache.maven.plugins:maven-compiler-plugin:3.8.0:compile from plugin realm ClassRealm[plugin>org.apache.maven.plugins:maven-compiler-plugin:3.8.0, parent: jdk.internal.loader.ClassLoaders$AppClassLoader@70dea4e]
[DEBUG] Configuring mojo execution 'org.apache.maven.plugins:maven-compiler-plugin:3.8.0:compile:default-compile' with basic configurator -->
[DEBUG]   (f) basedir = D:\Vscode-java\demo
[DEBUG]   (f) buildDirectory = D:\Vscode-java\demo\target
[DEBUG]   (f) compilePath = [D:\Vscode-java\demo\target\classes, C:\Users\埃罗芒果老师\.m2\repository\org\apache\commons\commons-lang3\3.14.0\commons-lang3-3.14.0.jar]
[DEBUG]   (f) compileSourceRoots = [D:\Vscode-java\demo\src\main\java]
[DEBUG]   (f) compilerId = javac
[DEBUG]   (f) debug = true
[DEBUG]   (f) encoding = UTF-8
[DEBUG]   (f) failOnError = true
[DEBUG]   (f) failOnWarning = false
[DEBUG]   (f) forceJavacCompilerUse = false
[DEBUG]   (f) fork = false
[DEBUG]   (f) generatedSourcesDirectory = D:\Vscode-java\demo\target\generated-sources\annotations
[DEBUG]   (f) mojoExecution = org.apache.maven.plugins:maven-compiler-plugin:3.8.0:compile {execution: default-compile}
[DEBUG]   (f) optimize = false
[DEBUG]   (f) outputDirectory = D:\Vscode-java\demo\target\classes
[DEBUG]   (f) parameters = false
[DEBUG]   (f) project = MavenProject: com.example:demo:1.0-SNAPSHOT @ D:\Vscode-java\demo\pom.xml
[DEBUG]   (f) projectArtifact = com.example:demo:jar:1.0-SNAPSHOT
[DEBUG]   (f) session = org.apache.maven.execution.MavenSession@1e7ab390
[DEBUG]   (f) showDeprecation = false
[DEBUG]   (f) showWarnings = false
[DEBUG]   (f) skipMultiThreadWarning = false
[DEBUG]   (f) source = 17
[DEBUG]   (f) staleMillis = 0
[DEBUG]   (s) target = 17
[DEBUG]   (f) useIncrementalCompilation = true
[DEBUG]   (f) verbose = false
[DEBUG] -- end configuration --
[DEBUG] Using compiler 'javac'.
[DEBUG] Adding D:\Vscode-java\demo\target\generated-sources\annotations to compile source roots:
  D:\Vscode-java\demo\src\main\java
[DEBUG] New compile source roots:
  D:\Vscode-java\demo\src\main\java
  D:\Vscode-java\demo\target\generated-sources\annotations
[DEBUG] CompilerReuseStrategy: reuseCreated
[DEBUG] useIncrementalCompilation enabled
[DEBUG] Stale source detected: D:\Vscode-java\demo\src\main\java\org\apache\commons\lang3\MyStringUtils.java
[INFO] Changes detected - recompiling the module!
[DEBUG] Classpath:
[DEBUG]  D:\Vscode-java\demo\target\classes
[DEBUG]  C:\Users\埃罗芒果老师\.m2\repository\org\apache\commons\commons-lang3\3.14.0\commons-lang3-3.14.0.jar
[DEBUG] Source roots:
[DEBUG]  D:\Vscode-java\demo\src\main\java
[DEBUG]  D:\Vscode-java\demo\target\generated-sources\annotations
[DEBUG] Command line options:
[DEBUG] -d D:\Vscode-java\demo\target\classes -classpath D:\Vscode-java\demo\target\classes;C:\Users\埃罗芒果老师\.m2\repository\org\apache\commons\commons-lang3\3.14.0\commons-lang3-3.14.0.jar; -sourcepath D:\Vscode-java\demo\src\main\java;D:\Vscode-java\demo\target\generated-sources\annotations; -s D:\Vscode-java\demo\target\generated-sources\annotations -g -nowarn -target 17 -source 17 -encoding UTF-8
[DEBUG] incrementalBuildHelper#beforeRebuildExecution
[INFO] Compiling 2 source files to D:\Vscode-java\demo\target\classes
[DEBUG] incrementalBuildHelper#afterRebuildExecution
[INFO] /D:/Vscode-java/demo/src/main/java/org/apache/commons/lang3/MyStringUtils.java: D:\Vscode-java\demo\src\main\java\org\apache\commons\lang3\MyStringUtils.java使用或覆盖了已过时的 API。
[INFO] /D:/Vscode-java/demo/src/main/java/org/apache/commons/lang3/MyStringUtils.java: 有关详细信息, 请使用 -Xlint:deprecation 重新编译。
[INFO] -------------------------------------------------------------
[ERROR] COMPILATION ERROR : 
[INFO] -------------------------------------------------------------
[ERROR] /D:/Vscode-java/demo/src/main/java/org/apache/commons/lang3/MyStringUtils.java:[467,23] 程序包Strings不存在
[ERROR] /D:/Vscode-java/demo/src/main/java/org/apache/commons/lang3/MyStringUtils.java:[505,23] 程序包Strings不存在
[ERROR] /D:/Vscode-java/demo/src/main/java/org/apache/commons/lang3/MyStringUtils.java:[726,23] 程序包Strings不存在
[ERROR] /D:/Vscode-java/demo/src/main/java/org/apache/commons/lang3/MyStringUtils.java:[811,23] 程序包Strings不存在
[ERROR] /D:/Vscode-java/demo/src/main/java/org/apache/commons/lang3/MyStringUtils.java:[910,23] 程序包Strings不存在
[ERROR] /D:/Vscode-java/demo/src/main/java/org/apache/commons/lang3/MyStringUtils.java:[993,23] 程序包Strings不存在
[ERROR] /D:/Vscode-java/demo/src/main/java/org/apache/commons/lang3/MyStringUtils.java:[1128,23] 程序包Strings不存在
[ERROR] /D:/Vscode-java/demo/src/main/java/org/apache/commons/lang3/MyStringUtils.java:[1160,23] 程序包Strings不存在
[ERROR] /D:/Vscode-java/demo/src/main/java/org/apache/commons/lang3/MyStringUtils.java:[1189,23] 程序包Strings不存在
[ERROR] /D:/Vscode-java/demo/src/main/java/org/apache/commons/lang3/MyStringUtils.java:[1705,23] 程序包Strings不存在
[ERROR] /D:/Vscode-java/demo/src/main/java/org/apache/commons/lang3/MyStringUtils.java:[1732,23] 程序包Strings不存在
[ERROR] /D:/Vscode-java/demo/src/main/java/org/apache/commons/lang3/MyStringUtils.java:[1761,23] 程序包Strings不存在
[ERROR] /D:/Vscode-java/demo/src/main/java/org/apache/commons/lang3/MyStringUtils.java:[1789,23] 程序包Strings不存在
[ERROR] /D:/Vscode-java/demo/src/main/java/org/apache/commons/lang3/MyStringUtils.java:[1814,23] 程序包Strings不存在
[ERROR] /D:/Vscode-java/demo/src/main/java/org/apache/commons/lang3/MyStringUtils.java:[1839,23] 程序包Strings不存在
[ERROR] /D:/Vscode-java/demo/src/main/java/org/apache/commons/lang3/MyStringUtils.java:[1866,23] 程序包Strings不存在
[ERROR] /D:/Vscode-java/demo/src/main/java/org/apache/commons/lang3/MyStringUtils.java:[2542,23] 程序包Strings不存在
[ERROR] /D:/Vscode-java/demo/src/main/java/org/apache/commons/lang3/MyStringUtils.java:[2578,23] 程序包Strings不存在
[ERROR] /D:/Vscode-java/demo/src/main/java/org/apache/commons/lang3/MyStringUtils.java:[3065,23] 程序包Strings不存在
[ERROR] /D:/Vscode-java/demo/src/main/java/org/apache/commons/lang3/MyStringUtils.java:[3100,23] 程序包Strings不存在
[ERROR] /D:/Vscode-java/demo/src/main/java/org/apache/commons/lang3/MyStringUtils.java:[4758,23] 程序包Strings不存在
[ERROR] /D:/Vscode-java/demo/src/main/java/org/apache/commons/lang3/MyStringUtils.java:[4795,23] 程序包Strings不存在
[ERROR] /D:/Vscode-java/demo/src/main/java/org/apache/commons/lang3/MyStringUtils.java:[4960,23] 程序包Strings不存在
[ERROR] /D:/Vscode-java/demo/src/main/java/org/apache/commons/lang3/MyStringUtils.java:[4994,23] 程序包Strings不存在
[ERROR] /D:/Vscode-java/demo/src/main/java/org/apache/commons/lang3/MyStringUtils.java:[5609,23] 程序包Strings不存在
[ERROR] /D:/Vscode-java/demo/src/main/java/org/apache/commons/lang3/MyStringUtils.java:[5650,23] 程序包Strings不存在
[ERROR] /D:/Vscode-java/demo/src/main/java/org/apache/commons/lang3/MyStringUtils.java:[5711,23] 程序包Strings不存在
[ERROR] /D:/Vscode-java/demo/src/main/java/org/apache/commons/lang3/MyStringUtils.java:[5787,23] 程序包Strings不存在
[ERROR] /D:/Vscode-java/demo/src/main/java/org/apache/commons/lang3/MyStringUtils.java:[5818,23] 程序包Strings不存在
[ERROR] /D:/Vscode-java/demo/src/main/java/org/apache/commons/lang3/MyStringUtils.java:[5895,23] 程序包Strings不存在
[ERROR] /D:/Vscode-java/demo/src/main/java/org/apache/commons/lang3/MyStringUtils.java:[5988,23] 程序包Strings不存在
[ERROR] /D:/Vscode-java/demo/src/main/java/org/apache/commons/lang3/MyStringUtils.java:[6018,23] 程序包Strings不存在
[ERROR] /D:/Vscode-java/demo/src/main/java/org/apache/commons/lang3/MyStringUtils.java:[6125,23] 程序包Strings不存在
[ERROR] /D:/Vscode-java/demo/src/main/java/org/apache/commons/lang3/MyStringUtils.java:[6155,23] 程序包Strings不存在
[ERROR] /D:/Vscode-java/demo/src/main/java/org/apache/commons/lang3/MyStringUtils.java:[6189,23] 程序包Strings不存在
[ERROR] /D:/Vscode-java/demo/src/main/java/org/apache/commons/lang3/MyStringUtils.java:[6632,23] 程序包Strings不存在
[ERROR] /D:/Vscode-java/demo/src/main/java/org/apache/commons/lang3/MyStringUtils.java:[6667,23] 程序包Strings不存在
[ERROR] /D:/Vscode-java/demo/src/main/java/org/apache/commons/lang3/MyStringUtils.java:[6697,23] 程序包Strings不存在
[ERROR] /D:/Vscode-java/demo/src/main/java/org/apache/commons/lang3/MyStringUtils.java:[6729,23] 程序包Strings不存在
[ERROR] /D:/Vscode-java/demo/src/main/java/org/apache/commons/lang3/MyStringUtils.java:[7716,23] 程序包Strings不存在
[ERROR] /D:/Vscode-java/demo/src/main/java/org/apache/commons/lang3/MyStringUtils.java:[7744,23] 程序包Strings不存在
[ERROR] /D:/Vscode-java/demo/src/main/java/org/apache/commons/lang3/MyStringUtils.java:[7772,23] 程序包Strings不存在
[ERROR] /D:/Vscode-java/demo/src/main/java/org/apache/commons/lang3/MyStringUtils.java:[8980,20] 程序包Strings不存在
[ERROR] /D:/Vscode-java/demo/src/main/java/org/apache/commons/lang3/MyStringUtils.java:[8980,61] 程序包Strings不存在
[INFO] 44 errors 
[INFO] -------------------------------------------------------------
[INFO] ------------------------------------------------------------------------
[INFO] BUILD FAILURE
[INFO] ------------------------------------------------------------------------
[INFO] Total time:  2.295 s
[INFO] Finished at: 2026-04-14T11:04:35+08:00
[INFO] ------------------------------------------------------------------------
[ERROR] Failed to execute goal org.apache.maven.plugins:maven-compiler-plugin:3.8.0:compile (default-compile) on project demo: Compilation failure: Compilation failure: 
[ERROR] /D:/Vscode-java/demo/src/main/java/org/apache/commons/lang3/MyStringUtils.java:[467,23] 程序包Strings不存在
[ERROR] /D:/Vscode-java/demo/src/main/java/org/apache/commons/lang3/MyStringUtils.java:[505,23] 程序包Strings不存在
[ERROR] /D:/Vscode-java/demo/src/main/java/org/apache/commons/lang3/MyStringUtils.java:[726,23] 程序包Strings不存在
[ERROR] /D:/Vscode-java/demo/src/main/java/org/apache/commons/lang3/MyStringUtils.java:[811,23] 程序包Strings不存在
[ERROR] /D:/Vscode-java/demo/src/main/java/org/apache/commons/lang3/MyStringUtils.java:[910,23] 程序包Strings不存在
[ERROR] /D:/Vscode-java/demo/src/main/java/org/apache/commons/lang3/MyStringUtils.java:[993,23] 程序包Strings不存在
[ERROR] /D:/Vscode-java/demo/src/main/java/org/apache/commons/lang3/MyStringUtils.java:[1128,23] 程序包Strings不存在
[ERROR] /D:/Vscode-java/demo/src/main/java/org/apache/commons/lang3/MyStringUtils.java:[1160,23] 程序包Strings不存在
[ERROR] /D:/Vscode-java/demo/src/main/java/org/apache/commons/lang3/MyStringUtils.java:[1189,23] 程序包Strings不存在
[ERROR] /D:/Vscode-java/demo/src/main/java/org/apache/commons/lang3/MyStringUtils.java:[1705,23] 程序包Strings不存在
[ERROR] /D:/Vscode-java/demo/src/main/java/org/apache/commons/lang3/MyStringUtils.java:[1732,23] 程序包Strings不存在
[ERROR] /D:/Vscode-java/demo/src/main/java/org/apache/commons/lang3/MyStringUtils.java:[1761,23] 程序包Strings不存在
[ERROR] /D:/Vscode-java/demo/src/main/java/org/apache/commons/lang3/MyStringUtils.java:[1789,23] 程序包Strings不存在
[ERROR] /D:/Vscode-java/demo/src/main/java/org/apache/commons/lang3/MyStringUtils.java:[1814,23] 程序包Strings不存在
[ERROR] /D:/Vscode-java/demo/src/main/java/org/apache/commons/lang3/MyStringUtils.java:[1839,23] 程序包Strings不存在
[ERROR] /D:/Vscode-java/demo/src/main/java/org/apache/commons/lang3/MyStringUtils.java:[1866,23] 程序包Strings不存在
[ERROR] /D:/Vscode-java/demo/src/main/java/org/apache/commons/lang3/MyStringUtils.java:[2542,23] 程序包Strings不存在
[ERROR] /D:/Vscode-java/demo/src/main/java/org/apache/commons/lang3/MyStringUtils.java:[2578,23] 程序包Strings不存在
[ERROR] /D:/Vscode-java/demo/src/main/java/org/apache/commons/lang3/MyStringUtils.java:[3065,23] 程序包Strings不存在
[ERROR] /D:/Vscode-java/demo/src/main/java/org/apache/commons/lang3/MyStringUtils.java:[3100,23] 程序包Strings不存在
[ERROR] /D:/Vscode-java/demo/src/main/java/org/apache/commons/lang3/MyStringUtils.java:[4758,23] 程序包Strings不存在
[ERROR] /D:/Vscode-java/demo/src/main/java/org/apache/commons/lang3/MyStringUtils.java:[4795,23] 程序包Strings不存在
[ERROR] /D:/Vscode-java/demo/src/main/java/org/apache/commons/lang3/MyStringUtils.java:[4960,23] 程序包Strings不存在
[ERROR] /D:/Vscode-java/demo/src/main/java/org/apache/commons/lang3/MyStringUtils.java:[4994,23] 程序包Strings不存在
[ERROR] /D:/Vscode-java/demo/src/main/java/org/apache/commons/lang3/MyStringUtils.java:[5609,23] 程序包Strings不存在
[ERROR] /D:/Vscode-java/demo/src/main/java/org/apache/commons/lang3/MyStringUtils.java:[5650,23] 程序包Strings不存在
[ERROR] /D:/Vscode-java/demo/src/main/java/org/apache/commons/lang3/MyStringUtils.java:[5711,23] 程序包Strings不存在
[ERROR] /D:/Vscode-java/demo/src/main/java/org/apache/commons/lang3/MyStringUtils.java:[5787,23] 程序包Strings不存在
[ERROR] /D:/Vscode-java/demo/src/main/java/org/apache/commons/lang3/MyStringUtils.java:[5818,23] 程序包Strings不存在
[ERROR] /D:/Vscode-java/demo/src/main/java/org/apache/commons/lang3/MyStringUtils.java:[5895,23] 程序包Strings不存在
[ERROR] /D:/Vscode-java/demo/src/main/java/org/apache/commons/lang3/MyStringUtils.java:[5988,23] 程序包Strings不存在
[ERROR] /D:/Vscode-java/demo/src/main/java/org/apache/commons/lang3/MyStringUtils.java:[6018,23] 程序包Strings不存在
[ERROR] /D:/Vscode-java/demo/src/main/java/org/apache/commons/lang3/MyStringUtils.java:[6125,23] 程序包Strings不存在
[ERROR] /D:/Vscode-java/demo/src/main/java/org/apache/commons/lang3/MyStringUtils.java:[6155,23] 程序包Strings不存在
[ERROR] /D:/Vscode-java/demo/src/main/java/org/apache/commons/lang3/MyStringUtils.java:[6189,23] 程序包Strings不存在
[ERROR] /D:/Vscode-java/demo/src/main/java/org/apache/commons/lang3/MyStringUtils.java:[6632,23] 程序包Strings不存在
[ERROR] /D:/Vscode-java/demo/src/main/java/org/apache/commons/lang3/MyStringUtils.java:[6667,23] 程序包Strings不存在
[ERROR] /D:/Vscode-java/demo/src/main/java/org/apache/commons/lang3/MyStringUtils.java:[6697,23] 程序包Strings不存在
[ERROR] /D:/Vscode-java/demo/src/main/java/org/apache/commons/lang3/MyStringUtils.java:[6729,23] 程序包Strings不存在
[ERROR] /D:/Vscode-java/demo/src/main/java/org/apache/commons/lang3/MyStringUtils.java:[7716,23] 程序包Strings不存在
[ERROR] /D:/Vscode-java/demo/src/main/java/org/apache/commons/lang3/MyStringUtils.java:[7744,23] 程序包Strings不存在
[ERROR] /D:/Vscode-java/demo/src/main/java/org/apache/commons/lang3/MyStringUtils.java:[7772,23] 程序包Strings不存在
[ERROR] /D:/Vscode-java/demo/src/main/java/org/apache/commons/lang3/MyStringUtils.java:[8980,20] 程序包Strings不存在
[ERROR] /D:/Vscode-java/demo/src/main/java/org/apache/commons/lang3/MyStringUtils.java:[8980,61] 程序包Strings不存在
[ERROR] -> [Help 1]
org.apache.maven.lifecycle.LifecycleExecutionException: Failed to execute goal org.apache.maven.plugins:maven-compiler-plugin:3.8.0:compile (default-compile) on project demo: Compilation failure
    at org.apache.maven.lifecycle.internal.MojoExecutor.doExecute2 (MojoExecutor.java:333)
    at org.apache.maven.lifecycle.internal.MojoExecutor.doExecute (MojoExecutor.java:316)
    at org.apache.maven.lifecycle.internal.MojoExecutor.execute (MojoExecutor.java:212)
    at org.apache.maven.lifecycle.internal.MojoExecutor.execute (MojoExecutor.java:174)
    at org.apache.maven.lifecycle.internal.MojoExecutor.access$000 (MojoExecutor.java:75)
    at org.apache.maven.lifecycle.internal.MojoExecutor$1.run (MojoExecutor.java:162)
    at org.apache.maven.plugin.DefaultMojosExecutionStrategy.execute (DefaultMojosExecutionStrategy.java:39)
    at org.apache.maven.lifecycle.internal.MojoExecutor.execute (MojoExecutor.java:159)
    at org.apache.maven.lifecycle.internal.LifecycleModuleBuilder.buildProject (LifecycleModuleBuilder.java:105)
    at org.apache.maven.lifecycle.internal.LifecycleModuleBuilder.buildProject (LifecycleModuleBuilder.java:73)
    at org.apache.maven.lifecycle.internal.builder.singlethreaded.SingleThreadedBuilder.build (SingleThreadedBuilder.java:53)
    at org.apache.maven.lifecycle.internal.LifecycleStarter.execute (LifecycleStarter.java:118)
    at org.apache.maven.DefaultMaven.doExecute (DefaultMaven.java:261)
    at org.apache.maven.DefaultMaven.doExecute (DefaultMaven.java:173)
    at org.apache.maven.DefaultMaven.execute (DefaultMaven.java:101)
    at org.apache.maven.cli.MavenCli.execute (MavenCli.java:919)
    at org.apache.maven.cli.MavenCli.doMain (MavenCli.java:285)
    at org.apache.maven.cli.MavenCli.main (MavenCli.java:207)
    at jdk.internal.reflect.NativeMethodAccessorImpl.invoke0 (Native Method)
    at jdk.internal.reflect.NativeMethodAccessorImpl.invoke (NativeMethodAccessorImpl.java:77)
    at jdk.internal.reflect.DelegatingMethodAccessorImpl.invoke (DelegatingMethodAccessorImpl.java:43)
    at java.lang.reflect.Method.invoke (Method.java:568)
    at org.codehaus.plexus.classworlds.launcher.Launcher.launchEnhanced (Launcher.java:255)
    at org.codehaus.plexus.classworlds.launcher.Launcher.launch (Launcher.java:201)
    at org.codehaus.plexus.classworlds.launcher.Launcher.mainWithExitCode (Launcher.java:361)
    at org.codehaus.plexus.classworlds.launcher.Launcher.main (Launcher.java:314)
Caused by: org.apache.maven.plugin.compiler.CompilationFailureException: Compilation failure
    at org.apache.maven.plugin.compiler.AbstractCompilerMojo.execute (AbstractCompilerMojo.java:1215)
    at org.apache.maven.plugin.compiler.CompilerMojo.execute (CompilerMojo.java:188)
    at org.apache.maven.plugin.DefaultBuildPluginManager.executeMojo (DefaultBuildPluginManager.java:126)
    at org.apache.maven.lifecycle.internal.MojoExecutor.doExecute2 (MojoExecutor.java:328)
    at org.apache.maven.lifecycle.internal.MojoExecutor.doExecute (MojoExecutor.java:316)
    at org.apache.maven.lifecycle.internal.MojoExecutor.execute (MojoExecutor.java:212)
    at org.apache.maven.lifecycle.internal.MojoExecutor.execute (MojoExecutor.java:174)
    at org.apache.maven.lifecycle.internal.MojoExecutor.access$000 (MojoExecutor.java:75)
    at org.apache.maven.lifecycle.internal.MojoExecutor$1.run (MojoExecutor.java:162)
    at org.apache.maven.plugin.DefaultMojosExecutionStrategy.execute (DefaultMojosExecutionStrategy.java:39)
    at org.apache.maven.lifecycle.internal.MojoExecutor.execute (MojoExecutor.java:159)
    at org.apache.maven.lifecycle.internal.LifecycleModuleBuilder.buildProject (LifecycleModuleBuilder.java:105)
    at org.apache.maven.lifecycle.internal.LifecycleModuleBuilder.buildProject (LifecycleModuleBuilder.java:73)
    at org.apache.maven.lifecycle.internal.builder.singlethreaded.SingleThreadedBuilder.build (SingleThreadedBuilder.java:53)
    at org.apache.maven.lifecycle.internal.LifecycleStarter.execute (LifecycleStarter.java:118)
    at org.apache.maven.DefaultMaven.doExecute (DefaultMaven.java:261)
    at org.apache.maven.DefaultMaven.doExecute (DefaultMaven.java:173)
    at org.apache.maven.DefaultMaven.execute (DefaultMaven.java:101)
    at org.apache.maven.cli.MavenCli.execute (MavenCli.java:919)
    at org.apache.maven.cli.MavenCli.doMain (MavenCli.java:285)
    at org.apache.maven.cli.MavenCli.main (MavenCli.java:207)
    at jdk.internal.reflect.NativeMethodAccessorImpl.invoke0 (Native Method)
    at jdk.internal.reflect.NativeMethodAccessorImpl.invoke (NativeMethodAccessorImpl.java:77)
    at jdk.internal.reflect.DelegatingMethodAccessorImpl.invoke (DelegatingMethodAccessorImpl.java:43)
    at java.lang.reflect.Method.invoke (Method.java:568)
    at org.codehaus.plexus.classworlds.launcher.Launcher.launchEnhanced (Launcher.java:255)
    at org.codehaus.plexus.classworlds.launcher.Launcher.launch (Launcher.java:201)
    at org.codehaus.plexus.classworlds.launcher.Launcher.mainWithExitCode (Launcher.java:361)
    at org.codehaus.plexus.classworlds.launcher.Launcher.main (Launcher.java:314)
[ERROR] 
[ERROR] 
[ERROR] For more information about the errors and possible solutions, please read the following articles:
[ERROR] [Help 1] http://cwiki.apache.org/confluence/display/MAVEN/MojoFailureException
[DEBUG] Shutting down adapter factory; available factories [file-lock, rwlock-local, semaphore-local, noop]; available name mappers [discriminating, file-gaecv, file-gav, file-hgaecv, file-hgav, file-static, gaecv, gav, static]
[DEBUG] Shutting down 'file-lock' factory
[DEBUG] Shutting down 'rwlock-local' factory
[DEBUG] Shutting down 'semaphore-local' factory
[DEBUG] Shutting down 'noop' factory
